---
http_interactions:
- request:
    method: get
    uri: http://api.labs.datacite.org/relations?include=relation-type,source,publisher&offset=0&rows=25&work-id=10.5281/ZENODO.48705
    body:
      encoding: US-ASCII
      string: ''
    headers:
      User-Agent:
      - Maremma - http://search.local
      Accept:
      - text/html,application/json,application/xml;q=0.9, text/plain;q=0.8,image/png,*/*;q=0.5
  response:
    status:
      code: 200
      message: ''
    headers:
      Server:
      - nginx/1.11.5
      Date:
      - Thu, 20 Oct 2016 10:55:53 GMT
      Content-Type:
      - application/vnd.api+json; charset=utf-8
      Connection:
      - keep-alive
      Status:
      - 200 OK
      Cache-Control:
      - max-age=0, private, must-revalidate
      Access-Control-Allow-Origin:
      - "*"
      Vary:
      - Accept-Encoding
      Access-Control-Max-Age:
      - '1728000'
      X-Xss-Protection:
      - 1; mode=block
      X-Request-Id:
      - 79d54778-4ae6-4632-8091-ec3dd4ae6799
      Access-Control-Allow-Methods:
      - GET, POST, OPTIONS
      Etag:
      - W/"2afc589cc9703f509a3bd8a0363563ef"
      X-Frame-Options:
      - SAMEORIGIN
      X-Runtime:
      - '0.205470'
      X-Content-Type-Options:
      - nosniff
      X-Powered-By:
      - Phusion Passenger 5.0.30
      Access-Control-Allow-Headers:
      - Content-Type,Accept,Accept-Encoding,Origin,User-Agent,Cache-Control,Keep-Alive
    body:
      encoding: UTF-8
      string: '{"data":[{"id":"321b430e-33b5-4083-a594-826aa69735e3","type":"relations","attributes":{"subj-id":"http://doi.org/10.5281/ZENODO.46761","obj-id":"http://doi.org/10.5281/ZENODO.48705","doi":"10.5281/ZENODO.46761","author":[],"title":"THOR:
        Metrics and Tools","container-title":null,"publisher-id":"CERN.ZENODO","registration-agency-id":"datacite","work-type":null,"total":1,"published":"2016","issued":"2016-01-01T00:00:00Z","updated":"2016-06-16T00:49:59Z"},"relationships":{"relation-type":{"data":{"id":"is-supplemented-by","type":"relation-types"}},"source":{"data":{"id":"datacite-related","type":"sources"}}}},{"id":"144bf3ca-3047-4781-b1d5-af163407d2c5","type":"relations","attributes":{"subj-id":"http://doi.org/10.5281/ZENODO.48228","obj-id":"http://doi.org/10.5281/ZENODO.48705","doi":"10.5281/ZENODO.48228","author":[],"title":"THOR
        Communications Plan","container-title":null,"publisher-id":"CERN.ZENODO","registration-agency-id":"datacite","work-type":null,"total":1,"published":"2016","issued":"2016-01-01T00:00:00Z","updated":"2016-06-16T00:49:58Z"},"relationships":{"relation-type":{"data":{"id":"is-supplemented-by","type":"relation-types"}},"source":{"data":{"id":"datacite-related","type":"sources"}}}},{"id":"d5e83775-433a-47cf-b0c7-666197cb9a41","type":"relations","attributes":{"subj-id":"http://doi.org/10.5281/ZENODO.30799","obj-id":"http://doi.org/10.5281/ZENODO.48705","doi":"10.5281/ZENODO.30799","author":[],"title":"D2.1:
        Artefact, Contributor, and Organisation Relationship Data Schema","container-title":null,"publisher-id":"CERN.ZENODO","registration-agency-id":"datacite","work-type":null,"total":1,"published":"2015","issued":"2015-01-01T00:00:00Z","updated":"2016-06-16T00:49:57Z"},"relationships":{"relation-type":{"data":{"id":"is-supplemented-by","type":"relation-types"}},"source":{"data":{"id":"datacite-related","type":"sources"}}}}],"included":[{"id":"is-supplemented-by","type":"relation-types","attributes":{"title":"Is
        supplemented by","inverse-title":"Is supplement to","updated":"2016-03-21T15:05:03Z"}},{"id":"datacite-related","type":"sources","attributes":{"title":"DataCite
        (RelatedIdentifier)","description":"Import works with relatedIdentifiers via
        the DataCite Solr API.","state":"active","work-count":0,"relation-count":0,"result-count":0,"by-day":{"with-results":0,"without-results":0,"not-updated":0},"by-month":{"with-results":0,"without-results":0,"not-updated":0},"updated":"2016-10-20T10:18:11Z"},"relationships":{"group":{"meta":{}}}}],"meta":{"total":3,"sources":[{"id":"datacite_related","title":"DataCite
        (RelatedIdentifier)","count":3}],"publishers":[{"id":"cern.zenodo","title":"ZENODO
        - Research. Shared.","count":3}],"relation-types":[{"id":"is_supplemented_by","title":"Is
        supplemented by","count":3}]}}'
    http_version: 
  recorded_at: Thu, 20 Oct 2016 10:55:53 GMT
- request:
    method: get
    uri: http://profiles.datacite.org/api/users/0000-0003-1419-2405/claims?dois=10.5281/ZENODO.46761,10.5281/ZENODO.48228,10.5281/ZENODO.30799
    body:
      encoding: US-ASCII
      string: ''
    headers:
      User-Agent:
      - Maremma - http://search.local
      Accept:
      - text/html,application/json,application/xml;q=0.9, text/plain;q=0.8,image/png,*/*;q=0.5
      Authorization:
      - Token token=<ORCID_UPDATE_KEY>
  response:
    status:
      code: 301
      message: ''
    headers:
      Server:
      - nginx/1.11.5
      Date:
      - Thu, 20 Oct 2016 10:55:53 GMT
      Content-Type:
      - text/html
      Content-Length:
      - '185'
      Connection:
      - keep-alive
      Location:
      - https://profiles.datacite.org/api/users/0000-0003-1419-2405/claims?dois=10.5281%2FZENODO.46761%2C10.5281%2FZENODO.48228%2C10.5281%2FZENODO.30799
    body:
      encoding: UTF-8
      string: "<html>\r\n<head><title>301 Moved Permanently</title></head>\r\n<body
        bgcolor=\"white\">\r\n<center><h1>301 Moved Permanently</h1></center>\r\n<hr><center>nginx/1.11.5</center>\r\n</body>\r\n</html>\r\n"
    http_version: 
  recorded_at: Thu, 20 Oct 2016 10:55:53 GMT
- request:
    method: get
    uri: https://profiles.datacite.org/api/users/0000-0003-1419-2405/claims?dois=10.5281/ZENODO.46761,10.5281/ZENODO.48228,10.5281/ZENODO.30799
    body:
      encoding: US-ASCII
      string: ''
    headers:
      User-Agent:
      - Maremma - http://search.local
      Accept:
      - text/html,application/json,application/xml;q=0.9, text/plain;q=0.8,image/png,*/*;q=0.5
      Authorization:
      - Token token=<ORCID_UPDATE_KEY>
  response:
    status:
      code: 401
      message: ''
    headers:
      Server:
      - nginx/1.11.5
      Date:
      - Thu, 20 Oct 2016 10:55:53 GMT
      Content-Type:
      - application/json; charset=utf-8
      Connection:
      - keep-alive
      Status:
      - 401 Unauthorized
      Cache-Control:
      - no-cache
      Vary:
      - Accept-Encoding
      X-Xss-Protection:
      - 1; mode=block
      X-Request-Id:
      - b8c089fd-4e75-46e2-9e93-d72247cf1b5a
      X-Runtime:
      - '0.097165'
      X-Frame-Options:
      - SAMEORIGIN
      X-Content-Type-Options:
      - nosniff
      X-Powered-By:
      - Phusion Passenger 5.0.30
    body:
      encoding: UTF-8
      string: '{"errors":[{"status":"401","title":"You are not authorized to access
        this page."}]}'
    http_version: 
  recorded_at: Thu, 20 Oct 2016 10:55:53 GMT
recorded_with: VCR 2.9.3
